// Jest Snapshot v1, https://goo.gl/fbAQLP

exports[`App test should render the snapshot 1`] = `
<div
  className="sc-eDvSVe sc-pyfCe jSrjjn fvMWM"
>
  <div>
    <h1
      className="sc-gswNZR jSLNOy"
    >
      Todo List
    </h1>
    <input
      aria-label="todo-input"
      autoFocus={true}
      className="sc-dkrFOg bQFNLL"
      onChange={[Function]}
      placeholder="Enter your todo item"
      type="text"
      value=""
    />
    <button
      className="sc-bcXHqe sc-hLBbgP htysNs hSIAgy"
      onClick={[Function]}
    >
      Add Items
    </button>
  </div>
  <div
    className="sc-eDvSVe sc-jSUZER jSrjjn gAoPZC"
  />
</div>
`;
